// Jest Snapshot v1, https://goo.gl/fbAQLP

exports[`Check if the CountryDetail component is rendered correctly 1`] = `
Object {
  "asFragment": [Function],
  "baseElement": <body>
    <div>
      <div
        class="country_detail_body"
      >
        <nav
          class="nav_container"
        >
          <a
            class="block_display"
            href="/"
          >
            <img
              alt="Angle Left Arrow"
              class="arrow_logo"
              src="angle-left-solid.svg"
            />
          </a>
          <span
            class="navtext_center"
          >
            Details of
             
             
             
          </span>
          <div
            class="navbox"
          >
            <button
              type="button"
            >
              <img
                alt="Microphone"
                src="microphone-solid.svg"
              />
            </button>
            <button
              type="button"
            >
              <img
                alt="Gear"
                src="gear-solid.svg"
              />
            </button>
          </div>
        </nav>
        <h1
          class="error_back"
        >
          Error, please go back! 
        </h1>
        <div>
          <h3
            class="footer"
          >
            A Microverse Capstone Project by Albert Antwi
          </h3>
        </div>
      </div>
    </div>
  </body>,
  "container": <div>
    <div
      class="country_detail_body"
    >
      <nav
        class="nav_container"
      >
        <a
          class="block_display"
          href="/"
        >
          <img
            alt="Angle Left Arrow"
            class="arrow_logo"
            src="angle-left-solid.svg"
          />
        </a>
        <span
          class="navtext_center"
        >
          Details of
           
           
           
        </span>
        <div
          class="navbox"
        >
          <button
            type="button"
          >
            <img
              alt="Microphone"
              src="microphone-solid.svg"
            />
          </button>
          <button
            type="button"
          >
            <img
              alt="Gear"
              src="gear-solid.svg"
            />
          </button>
        </div>
      </nav>
      <h1
        class="error_back"
      >
        Error, please go back! 
      </h1>
      <div>
        <h3
          class="footer"
        >
          A Microverse Capstone Project by Albert Antwi
        </h3>
      </div>
    </div>
  </div>,
  "debug": [Function],
  "findAllByAltText": [Function],
  "findAllByDisplayValue": [Function],
  "findAllByLabelText": [Function],
  "findAllByPlaceholderText": [Function],
  "findAllByRole": [Function],
  "findAllByTestId": [Function],
  "findAllByText": [Function],
  "findAllByTitle": [Function],
  "findByAltText": [Function],
  "findByDisplayValue": [Function],
  "findByLabelText": [Function],
  "findByPlaceholderText": [Function],
  "findByRole": [Function],
  "findByTestId": [Function],
  "findByText": [Function],
  "findByTitle": [Function],
  "getAllByAltText": [Function],
  "getAllByDisplayValue": [Function],
  "getAllByLabelText": [Function],
  "getAllByPlaceholderText": [Function],
  "getAllByRole": [Function],
  "getAllByTestId": [Function],
  "getAllByText": [Function],
  "getAllByTitle": [Function],
  "getByAltText": [Function],
  "getByDisplayValue": [Function],
  "getByLabelText": [Function],
  "getByPlaceholderText": [Function],
  "getByRole": [Function],
  "getByTestId": [Function],
  "getByText": [Function],
  "getByTitle": [Function],
  "queryAllByAltText": [Function],
  "queryAllByDisplayValue": [Function],
  "queryAllByLabelText": [Function],
  "queryAllByPlaceholderText": [Function],
  "queryAllByRole": [Function],
  "queryAllByTestId": [Function],
  "queryAllByText": [Function],
  "queryAllByTitle": [Function],
  "queryByAltText": [Function],
  "queryByDisplayValue": [Function],
  "queryByLabelText": [Function],
  "queryByPlaceholderText": [Function],
  "queryByRole": [Function],
  "queryByTestId": [Function],
  "queryByText": [Function],
  "queryByTitle": [Function],
  "rerender": [Function],
  "unmount": [Function],
}
`;
